[0;40;37m
[5C[30m [1;36mÜÜ Ü  ÜÜ  ÜÜÜ ÜÜÜ  ÜÜ ÜÜÜ ÜÜ Ü  Ü ÜÜ  ÜÜ  [0m    [1;36mÜÜÜ[0m  [1;36mÜ[0m  [1;36mÜÜ [0m    [1;36mÜ[0m  [1;36mÜ
[0m[5C[1;36m Û Û Û ÜÜÛ ÛÜÜ  Û  ÛÜÛ Û ฿ Û Û Û Û Û Û Û Û [0m    [1;36m Û [0m [1;36mÛ[0m [1;36mÛ[0m [1;36mÛÜ฿[0m   [1;36m฿Û[0m [1;36mÛ Û
[0m[5C[1;36m Û Û Û ÛÜÛ ÜÜÛ  Û  ÛÜÜ Û   Û Û Û Û Û Û ÛÜÛ [0m    [1;36m Û [0m [1;36m฿Ü฿[0m [1;36mÛ[0m[6C[1;36mÛ[0m [1;36m฿Ü฿

[0m  [36mออออออออออออออออออออออออออออออออออออออออออออออออออออออออออออออออออออออออออออ
[37m    [1;32m1[30m.
[0m    [1;32m2[30m.
[0m    [1;32m3[30m.
[0m    [1;32m4[30m.
[0m    [1;32m5[30m.
[0m    [1;32m6[30m.
[0m    [1;32m7[30m.
[0m    [1;32m8[30m.
[0m    [1;32m9[30m.
[0m   [1;32m10[30m.
[0m  [36mออออออออออออออออออออออออออออออออออออออออออออออออออออออออออออออออออออออออออออ
